// Jest Snapshot v1, https://goo.gl/fbAQLP

exports[`SliderFilter component Given props, should return with the correct attributes 1`] = `
<div>
  <h3>
    Sweet sweet slider
  </h3>
  <input
    id="1"
    max={10}
    min={1}
    onChange={[Function]}
    step="1"
    type="range"
    value={5}
  />
  <h3>
    5
  </h3>
</div>
`;
